[ +202 ms] Artifact Instance of 'MaterialFonts' is not required, skipping update.
[        ] Artifact Instance of 'GradleWrapper' is not required, skipping update.
[        ] Artifact Instance of 'AndroidGenSnapshotArtifacts' is not required, skipping update.
[        ] Artifact Instance of 'AndroidInternalBuildArtifacts' is not required, skipping update.
[        ] Artifact Instance of 'IOSEngineArtifacts' is not required, skipping update.
[        ] Artifact Instance of 'FlutterWebSdk' is not required, skipping update.
[        ] Artifact Instance of 'LegacyCanvasKitRemover' is not required, skipping update.
[        ] Artifact Instance of 'FlutterSdk' is not required, skipping update.
[        ] Artifact Instance of 'WindowsEngineArtifacts' is not required, skipping update.
[        ] Artifact Instance of 'MacOSEngineArtifacts' is not required, skipping update.
[        ] Artifact Instance of 'LinuxEngineArtifacts' is not required, skipping update.
[        ] Artifact Instance of 'LinuxFuchsiaSDKArtifacts' is not required, skipping update.
[        ] Artifact Instance of 'MacOSFuchsiaSDKArtifacts' is not required, skipping update.
[        ] Artifact Instance of 'FlutterRunnerSDKArtifacts' is not required, skipping update.
[        ] Artifact Instance of 'FlutterRunnerDebugSymbols' is not required, skipping update.
[        ] Artifact Instance of 'IosUsbArtifacts' is not required, skipping update.
[        ] Artifact Instance of 'IosUsbArtifacts' is not required, skipping update.
[        ] Artifact Instance of 'IosUsbArtifacts' is not required, skipping update.
[        ] Artifact Instance of 'IosUsbArtifacts' is not required, skipping update.
[        ] Artifact Instance of 'IosUsbArtifacts' is not required, skipping update.
[        ] Artifact Instance of 'IosUsbArtifacts' is not required, skipping update.
[        ] Artifact Instance of 'FontSubsetArtifacts' is not required, skipping update.
[        ] Artifact Instance of 'PubDependencies' is not required, skipping update.
[        ] executing: [C:\flutter/] git -c log.showSignature=false log HEAD -n 1 --pretty=format:%ad --date=iso
[  +61 ms] Exit code 0 from: git -c log.showSignature=false log HEAD -n 1 --pretty=format:%ad --date=iso
[        ] 2025-11-20 17:53:13 -0500
[  +23 ms] Artifact Instance of 'AndroidGenSnapshotArtifacts' is not required, skipping update.
[        ] Artifact Instance of 'AndroidInternalBuildArtifacts' is not required, skipping update.
[        ] Artifact Instance of 'IOSEngineArtifacts' is not required, skipping update.
[        ] Artifact Instance of 'FlutterWebSdk' is not required, skipping update.
[        ] Artifact Instance of 'FlutterEngineStamp' is not required, skipping update.
[        ] Artifact Instance of 'LegacyCanvasKitRemover' is not required, skipping update.
[   +2 ms] Artifact Instance of 'WindowsEngineArtifacts' is not required, skipping update.
[        ] Artifact Instance of 'MacOSEngineArtifacts' is not required, skipping update.
[        ] Artifact Instance of 'LinuxEngineArtifacts' is not required, skipping update.
[        ] Artifact Instance of 'LinuxFuchsiaSDKArtifacts' is not required, skipping update.
[        ] Artifact Instance of 'MacOSFuchsiaSDKArtifacts' is not required, skipping update.
[        ] Artifact Instance of 'FlutterRunnerSDKArtifacts' is not required, skipping update.
[        ] Artifact Instance of 'FlutterRunnerDebugSymbols' is not required, skipping update.
[  +50 ms] executing: C:\Users\brije\AppData\Local\Android\sdk\platform-tools\adb.exe devices -l
[  +61 ms] List of devices attached
[   +6 ms] Artifact Instance of 'AndroidGenSnapshotArtifacts' is not required, skipping update.
[        ] Artifact Instance of 'AndroidInternalBuildArtifacts' is not required, skipping update.
[        ] Artifact Instance of 'IOSEngineArtifacts' is not required, skipping update.
[        ] Artifact Instance of 'FlutterEngineStamp' is not required, skipping update.
[   +7 ms] Artifact Instance of 'MacOSEngineArtifacts' is not required, skipping update.
[        ] Artifact Instance of 'LinuxEngineArtifacts' is not required, skipping update.
[        ] Artifact Instance of 'LinuxFuchsiaSDKArtifacts' is not required, skipping update.
[        ] Artifact Instance of 'MacOSFuchsiaSDKArtifacts' is not required, skipping update.
[        ] Artifact Instance of 'FlutterRunnerSDKArtifacts' is not required, skipping update.
[        ] Artifact Instance of 'FlutterRunnerDebugSymbols' is not required, skipping update.
[  +51 ms] No supported devices connected.
[  +71 ms] 
           The following devices were found, but are not supported by this project:
           Windows (desktop) ΓÇó windows ΓÇó windows-x64    ΓÇó Microsoft Windows [Version 10.0.26200.7171]
           Chrome (web)      ΓÇó chrome  ΓÇó web-javascript ΓÇó Google Chrome 142.0.7444.176
           Edge (web)        ΓÇó edge    ΓÇó web-javascript ΓÇó Microsoft Edge 142.0.3595.94
           If you would like your app to run on web or windows, consider running `flutter create .` to generate projects for these platforms.

[   +9 ms] "flutter run" took 277ms.
flutter : [  +53 ms] 
At line:1 char:1
+ flutter run --verbose 
2>&1 | Tee-Object -FilePath 
"build_output.txt"
+ ~~~~~~~~~~~~~~~~~~~~~~~~~~
    + CategoryInfo          
    : NotSpecified: ([  +5  
  3 ms] :String) [], Remo   
 teException
    + FullyQualifiedErrorId 
    : NativeCommandError
 
           #0      
throwToolExit (package:flutt
er_tools/src/base/common.dar
t:34:3)
           #1      
RunCommand.validateCommand (
package:flutter_tools/src/co
mmands/run.dart:661:7)
           <asynchronous 
suspension>
           #2      FlutterCo
mmand.verifyThenRunCommand (
package:flutter_tools/src/ru
nner/flutter_command.dart:18
59:5)
           <asynchronous 
suspension>
           #3      FlutterCo
mmand.run.<anonymous 
closure> (package:flutter_to
ols/src/runner/flutter_comma
nd.dart:1559:27)
           <asynchronous 
suspension>
           #4      
AppContext.run.<anonymous 
closure> (package:flutter_to
ols/src/base/context.dart:15
4:19)
           <asynchronous 
suspension>
           #5      
CommandRunner.runCommand (pa
ckage:args/command_runner.da
rt:212:13)
           <asynchronous 
suspension>
           #6      FlutterCo
mmandRunner.runCommand.<anon
ymous closure> (package:flut
ter_tools/src/runner/flutter
_command_runner.dart:487:9)
           <asynchronous 
suspension>
           #7      
AppContext.run.<anonymous 
closure> (package:flutter_to
ols/src/base/context.dart:15
4:19)
           <asynchronous 
suspension>
           #8      FlutterCo
mmandRunner.runCommand (pack
age:flutter_tools/src/runner
/flutter_command_runner.dart
:422:5)
           <asynchronous 
suspension>
           #9      
run.<anonymous 
closure>.<anonymous 
closure> (package:flutter_to
ols/runner.dart:104:11)
           <asynchronous 
suspension>
           #10     
AppContext.run.<anonymous 
closure> (package:flutter_to
ols/src/base/context.dart:15
4:19)
           <asynchronous 
suspension>
           #11     main (pac
kage:flutter_tools/executabl
e.dart:103:3)
           <asynchronous 
suspension>


[   +2 ms] Running 2 shutdown hooks
[  +12 ms] Shutdown hooks complete
[ +270 ms] exiting with code 1
